<!DOCTYPE html>
<html lang="en">

<head>
      <meta charset="UTF-8">
      <meta name="viewport" content="width=device-width, initial-scale=1.0">
      <meta http-equiv="X-UA-Compatible" content="ie=edge">
      <title>Golden</title>
      <link rel="stylesheet" href="css/main.css" class="css">
</head>

<body>
      <header>
            <div class="container">
                  <div class="hading clearfix">
                        <img src="img/logo.png" alt="" class="logo">
                        <nav>
                              <ul class="menu">
                                    <li><a href="#">Home</a>
                                    </li>
                                    <li><a href="#">Services</a></li>
                                    <li><a href="#">Portfolio</a></li>
                                    <li><a href="#">About</a></li>
                                    <li><a href="#">Contact</a></li>
                              </ul>
                        </nav>
                  </div>
                  <div class="titles">
                        <div class="titles__first">
                              welcome to our studio!
                        </div>
                        <h1>
                              it's nice to meet you
                        </h1>
                  </div>
                  <a href="" class="button">Tell me more</a>
            </div>
      </header>
      <section id="services">
            <div class="container">
                  <div class="title">
                        <h2>Service</h2>
                        <p>Ipsum dolor sit amet, consectetur adipisicing elit.</p>
                  </div>
                  <div class="services clearfix">
                        <div class="services__item">
                              <img src="img/icon1.png" alt="Услуга">
                              <h3>E-Comerce</h3>
                              <p>Sit amet, consectetur adipisicing elit. Nesciunt similique, quibusdam. Nulla, ipsam eveniet voluptates.</p>
                        </div>
                        <div class="services__item">
                              <img src="img/icon2.png" alt="">
                              <h3>Responsive Web</h3>
                              <p>Dolor sit amet, consectetur adipisicing elit. At, totam.</p>
                        </div>
                        <div class="services__item">
                              <img src="img/icon3.png" alt="">
                              <h3>Web Security</h3>
                              <p>Ipsum dolor sit amet, consectetur adipisicing elit. Harum autem facere voluptates, praesentium eligendi porro molestiae aperiam.</p>
                        </div>
                  </div>
            </div>
      </section>
      <section id="portfolio">
            <div class="container">
                  <div class="title">
                        <h2>our portfolio</h2>
                        <p>Ipsum dolor sit amet, consectetur adipisicing elit.</p>
                  </div>
                  <div class="works clearfix">
                        <img src="img/img1.jpg" alt="Работа">
                        <img src="img/img2.jpg" alt="Работа">
                        <img src="img/img3.jpg" alt="Работа">
                  </div>
            </div>
      </section>
      <section>
            <div class="container">
                  <div class="title">
                        <h2>About Us</h2>
                        <p>Proin iaculis purus consequat sem cure</p>
                  </div>
                  <div class="about__left clearfix">
                        <div class="text__left">

                              <h3>July 2010 <br><span>Our Humble Beginnings</span></h3>
                              <p>Proin iaculis purus consequat sem cure<br> digni ssim. Donec porttitora entum suscipit aenean rhoncus posuere odio in tincidunt. Proin iaculis purus consequat sem cure digni ssim. Donec porttitora entum suscipit.</p>
                        </div>
                        <div class="image__right">
                              <img src="img/about1.jpg" alt="О нас">
                        </div>
                  </div>
                  <div class="about__right clearfix">
                        <div class="text__right">
                              <h3>January 2011<br>
                                    <span>Facing Startup Battles</span>
                              </h3>
                              <p>Proin iaculis purus consequat sem cure<br> digni ssim. Donec porttitora entum suscipit aenean rhoncus posuere odio in tincidunt. Proin iaculis purus consequat sem cure digni ssim. Donec porttitora entum suscipit aenean rhoncus
                                    posuere odio in tincidunt.</p>
                        </div>
                        <div class="image__left">
                              <img src="img/about2.jpg" alt="О нас2">
                        </div>
                  </div>
                  <div class="about__left clearfix">
                        <div class="text__left">

                              <h3>December 2012<br>
                                     <span>Enter The Dark Days</span>
                              </h3>
                              <p>Proin iaculis purus consequat sem cure<br> digni ssim. Donec porttitora entum suscipit aenean rhoncus posuere odio in tincidunt. Proin iaculis purus consequat sem cure digni</p>
                        </div>
                        <div class="image__right">
                              <img src="img/about3.jpg" alt="О нас">
                        </div>
                  </div>
                  <div class="about__right clearfix">
                        <div class="text__right">
                              <h3>february 2014<br>
                                    <span>Our Triumph</span>
                              </h3>
                              <p>Proin iaculis purus consequat sem cure<br> digni ssim. Donec porttitora entum suscipit aenean rhoncus posuere odio in tincidunt. Proin iaculis purus consequat sem cure digni ssim. Donec porttitora entum suscipit aenean.</p>
                        </div>
                        <div class="image__left">
                              <img src="img/about4.jpg" alt="О нас2">
                        </div>
                  </div>

      </section>
      <footer>
            <div class="container">
                  <div id="info">
                        <p>© Copyright 2014 FreebiesXpress.com</p>
                  </div>
            </div>
      </footer>
</body>

</html>
